2025-08-28 13:01:59,007 [INFO] Starting StrictBalancer [SV/ASR (uniform splits)] — target≥35, min=3.8s, p12 gate
2025-08-28 13:07:25,537 [INFO] Computed RMS thresholds for 171 speakers at p12.
2025-08-28 13:07:25,548 [INFO] TRAIN speakers: 171
2025-08-28 13:07:42,610 [INFO] user_0001: balanced (orig=455 sel=35)
2025-08-28 13:07:45,799 [INFO] user_0003: balanced (orig=448 sel=35)
2025-08-28 13:07:46,424 [INFO] user_0008: balanced (orig=435 sel=35)
2025-08-28 13:07:46,530 [INFO] user_0006: balanced (orig=422 sel=35)
2025-08-28 13:07:47,646 [INFO] user_0002: balanced (orig=445 sel=35)
2025-08-28 13:07:48,384 [INFO] user_0005: balanced (orig=461 sel=35)
2025-08-28 13:07:48,513 [INFO] user_0004: balanced (orig=464 sel=35)
2025-08-28 13:07:50,464 [INFO] user_0007: balanced (orig=492 sel=35)
2025-08-28 13:07:59,314 [INFO] user_0009: balanced (orig=447 sel=35)
2025-08-28 13:07:59,899 [INFO] user_0010: balanced (orig=444 sel=35)
2025-08-28 13:08:00,398 [INFO] user_0011: balanced (orig=426 sel=35)
2025-08-28 13:08:01,970 [INFO] user_0015: balanced (orig=424 sel=35)
2025-08-28 13:08:02,999 [INFO] user_0013: balanced (orig=429 sel=35)
2025-08-28 13:08:03,160 [INFO] user_0012: balanced (orig=486 sel=35)
2025-08-28 13:08:03,720 [INFO] user_0014: balanced (orig=426 sel=35)
2025-08-28 13:08:07,164 [INFO] user_0016: audit_failed (orig=452 sel=33)
2025-08-28 13:08:12,925 [INFO] user_0017: balanced (orig=416 sel=35)
2025-08-28 13:08:13,185 [INFO] user_0018: balanced (orig=434 sel=35)
2025-08-28 13:08:13,249 [INFO] user_0019: balanced (orig=376 sel=35)
2025-08-28 13:08:16,612 [INFO] user_0023: balanced (orig=423 sel=35)
2025-08-28 13:08:16,688 [INFO] user_0022: balanced (orig=434 sel=35)
2025-08-28 13:08:16,773 [INFO] user_0020: balanced (orig=449 sel=35)
2025-08-28 13:08:18,288 [INFO] user_0021: balanced (orig=454 sel=35)
2025-08-28 13:08:23,239 [INFO] user_0024: balanced (orig=443 sel=35)
2025-08-28 13:08:28,421 [INFO] user_0026: balanced (orig=459 sel=35)
2025-08-28 13:08:30,081 [INFO] user_0025: audit_failed (orig=440 sel=32)
2025-08-28 13:08:30,358 [INFO] user_0027: balanced (orig=456 sel=35)
2025-08-28 13:08:31,313 [INFO] user_0028: balanced (orig=411 sel=35)
2025-08-28 13:08:33,445 [INFO] user_0031: balanced (orig=444 sel=35)
2025-08-28 13:08:34,670 [INFO] user_0029: balanced (orig=473 sel=35)
2025-08-28 13:08:35,212 [INFO] user_0030: balanced (orig=479 sel=35)
2025-08-28 13:08:38,898 [INFO] user_0032: balanced (orig=421 sel=35)
2025-08-28 13:08:43,626 [INFO] user_0034: balanced (orig=436 sel=35)
2025-08-28 13:08:44,192 [INFO] user_0033: audit_failed (orig=401 sel=14)
2025-08-28 13:08:45,368 [INFO] user_0035: balanced (orig=427 sel=35)
2025-08-28 13:08:46,780 [INFO] user_0036: audit_failed (orig=430 sel=29)
2025-08-28 13:08:49,388 [INFO] user_0038: balanced (orig=455 sel=35)
2025-08-28 13:08:50,769 [INFO] user_0037: balanced (orig=472 sel=35)
2025-08-28 13:08:51,773 [INFO] user_0039: balanced (orig=470 sel=35)
2025-08-28 13:08:54,389 [INFO] user_0040: balanced (orig=446 sel=35)
2025-08-28 13:08:59,995 [INFO] user_0044: balanced (orig=441 sel=35)
2025-08-28 13:09:00,303 [INFO] user_0041: balanced (orig=463 sel=35)
2025-08-28 13:09:00,735 [INFO] user_0042: balanced (orig=475 sel=35)
2025-08-28 13:09:02,835 [INFO] user_0043: balanced (orig=478 sel=35)
2025-08-28 13:09:03,301 [INFO] user_0045: balanced (orig=439 sel=35)
2025-08-28 13:09:07,008 [INFO] user_0048: balanced (orig=435 sel=35)
2025-08-28 13:09:07,076 [INFO] user_0047: balanced (orig=421 sel=35)
2025-08-28 13:09:07,511 [INFO] user_0046: balanced (orig=459 sel=35)
2025-08-28 13:09:11,771 [INFO] user_0051: balanced (orig=363 sel=35)
2025-08-28 13:09:12,293 [INFO] user_0050: balanced (orig=444 sel=35)
2025-08-28 13:09:13,885 [INFO] user_0049: audit_failed (orig=418 sel=24)
2025-08-28 13:09:15,498 [INFO] user_0053: balanced (orig=397 sel=35)
2025-08-28 13:09:16,085 [INFO] user_0052: balanced (orig=426 sel=35)
2025-08-28 13:09:20,721 [INFO] user_0056: balanced (orig=450 sel=35)
2025-08-28 13:09:21,803 [INFO] user_0055: balanced (orig=454 sel=35)
2025-08-28 13:09:23,462 [INFO] user_0054: balanced (orig=479 sel=35)
2025-08-28 13:09:24,484 [INFO] user_0057: balanced (orig=453 sel=35)
2025-08-28 13:09:24,868 [INFO] user_0059: balanced (orig=375 sel=35)
2025-08-28 13:09:27,578 [INFO] user_0058: balanced (orig=467 sel=35)
2025-08-28 13:09:29,002 [INFO] user_0061: balanced (orig=429 sel=35)
2025-08-28 13:09:29,902 [INFO] user_0060: balanced (orig=455 sel=35)
2025-08-28 13:09:34,542 [INFO] user_0063: balanced (orig=448 sel=35)
2025-08-28 13:09:35,365 [INFO] user_0062: audit_failed (orig=426 sel=33)
2025-08-28 13:09:38,235 [INFO] user_0064: balanced (orig=439 sel=35)
2025-08-28 13:09:40,391 [INFO] user_0065: balanced (orig=448 sel=35)
2025-08-28 13:09:41,014 [INFO] user_0066: balanced (orig=479 sel=35)
2025-08-28 13:09:41,119 [INFO] user_0067: balanced (orig=436 sel=35)
2025-08-28 13:09:42,677 [INFO] user_0068: balanced (orig=437 sel=35)
2025-08-28 13:09:45,189 [INFO] user_0069: balanced (orig=450 sel=35)
2025-08-28 13:09:49,093 [INFO] user_0071: balanced (orig=449 sel=35)
2025-08-28 13:09:50,399 [INFO] user_0070: balanced (orig=458 sel=35)
2025-08-28 13:09:52,837 [INFO] user_0072: balanced (orig=464 sel=35)
2025-08-28 13:09:53,504 [INFO] user_0073: balanced (orig=450 sel=35)
2025-08-28 13:09:54,285 [INFO] user_0076: balanced (orig=428 sel=35)
2025-08-28 13:09:55,220 [INFO] user_0075: balanced (orig=440 sel=35)
2025-08-28 13:09:56,801 [INFO] user_0077: balanced (orig=410 sel=35)
2025-08-28 13:09:57,663 [INFO] user_0074: balanced (orig=481 sel=35)
2025-08-28 13:10:02,985 [INFO] user_0078: balanced (orig=442 sel=35)
2025-08-28 13:10:06,299 [INFO] user_0079: balanced (orig=472 sel=35)
2025-08-28 13:10:07,494 [INFO] user_0083: balanced (orig=440 sel=35)
2025-08-28 13:10:08,135 [INFO] user_0082: audit_failed (orig=375 sel=12)
2025-08-28 13:10:09,577 [INFO] user_0081: balanced (orig=477 sel=35)
2025-08-28 13:10:09,862 [INFO] user_0080: balanced (orig=491 sel=35)
2025-08-28 13:10:11,248 [INFO] user_0085: balanced (orig=432 sel=35)
2025-08-28 13:10:12,356 [INFO] user_0084: balanced (orig=455 sel=35)
2025-08-28 13:10:18,378 [INFO] user_0086: balanced (orig=424 sel=35)
2025-08-28 13:10:22,152 [INFO] user_0087: balanced (orig=458 sel=35)
2025-08-28 13:10:22,662 [INFO] user_0089: balanced (orig=444 sel=35)
2025-08-28 13:10:23,647 [INFO] user_0091: balanced (orig=410 sel=35)
2025-08-28 13:10:23,791 [INFO] user_0088: balanced (orig=454 sel=35)
2025-08-28 13:10:24,359 [INFO] user_0090: balanced (orig=433 sel=35)
2025-08-28 13:10:24,383 [INFO] user_0099: audit_failed (orig=1 sel=0)
2025-08-28 13:10:24,414 [INFO] user_0100: audit_failed (orig=1 sel=0)
2025-08-28 13:10:27,223 [INFO] user_0092: audit_failed (orig=448 sel=29)
2025-08-28 13:10:27,248 [INFO] user_0102: audit_failed (orig=1 sel=0)
2025-08-28 13:10:27,290 [INFO] user_0103: audit_failed (orig=1 sel=1)
2025-08-28 13:10:27,322 [INFO] user_0104: audit_failed (orig=1 sel=0)
2025-08-28 13:10:28,534 [INFO] user_0093: balanced (orig=473 sel=35)
2025-08-28 13:10:32,273 [INFO] user_0094: balanced (orig=420 sel=35)
2025-08-28 13:10:36,066 [INFO] user_0095: balanced (orig=451 sel=35)
2025-08-28 13:10:36,174 [INFO] user_0098: balanced (orig=447 sel=35)
2025-08-28 13:10:36,703 [INFO] user_0097: balanced (orig=457 sel=35)
2025-08-28 13:10:36,721 [INFO] user_0110: audit_failed (orig=1 sel=0)
2025-08-28 13:10:37,507 [INFO] user_0096: balanced (orig=453 sel=35)
2025-08-28 13:10:37,545 [INFO] user_0112: audit_failed (orig=2 sel=0)
2025-08-28 13:10:37,584 [INFO] user_0113: audit_failed (orig=2 sel=0)
2025-08-28 13:10:38,235 [INFO] user_0101: balanced (orig=421 sel=35)
2025-08-28 13:10:41,417 [INFO] user_0105: balanced (orig=424 sel=35)
2025-08-28 13:10:41,440 [INFO] user_0116: audit_failed (orig=1 sel=0)
2025-08-28 13:10:41,964 [INFO] user_0106: balanced (orig=439 sel=35)
2025-08-28 13:10:47,266 [INFO] user_0111: balanced (orig=345 sel=35)
2025-08-28 13:10:47,288 [INFO] user_0119: audit_failed (orig=1 sel=0)
2025-08-28 13:10:47,681 [INFO] user_0107: balanced (orig=454 sel=35)
2025-08-28 13:10:51,255 [INFO] user_0108: balanced (orig=454 sel=35)
2025-08-28 13:10:52,422 [INFO] user_0109: balanced (orig=469 sel=35)
2025-08-28 13:10:53,048 [INFO] user_0114: balanced (orig=440 sel=35)
2025-08-28 13:10:54,709 [INFO] user_0115: audit_failed (orig=475 sel=28)
2025-08-28 13:10:54,732 [INFO] user_0125: audit_failed (orig=1 sel=0)
2025-08-28 13:10:56,525 [INFO] user_0118: balanced (orig=435 sel=35)
2025-08-28 13:10:57,936 [INFO] user_0117: balanced (orig=473 sel=35)
2025-08-28 13:10:57,958 [INFO] user_0128: audit_failed (orig=1 sel=1)
2025-08-28 13:11:02,154 [INFO] user_0123: balanced (orig=289 sel=35)
2025-08-28 13:11:02,175 [INFO] user_0130: audit_failed (orig=1 sel=1)
2025-08-28 13:11:02,224 [INFO] user_0124: balanced (orig=344 sel=35)
2025-08-28 13:11:02,242 [INFO] user_0132: audit_failed (orig=1 sel=0)
2025-08-28 13:11:02,275 [INFO] user_0120: balanced (orig=443 sel=35)
2025-08-28 13:11:02,297 [INFO] user_0134: audit_failed (orig=1 sel=0)
2025-08-28 13:11:04,212 [INFO] user_0121: audit_failed (orig=451 sel=30)
2025-08-28 13:11:04,232 [INFO] user_0136: audit_failed (orig=1 sel=1)
2025-08-28 13:11:04,256 [INFO] user_0137: audit_failed (orig=1 sel=1)
2025-08-28 13:11:04,276 [INFO] user_0138: audit_failed (orig=1 sel=0)
2025-08-28 13:11:04,294 [INFO] user_0139: audit_failed (orig=1 sel=0)
2025-08-28 13:11:04,308 [INFO] user_0140: audit_failed (orig=1 sel=0)
2025-08-28 13:11:04,348 [INFO] user_0141: audit_failed (orig=2 sel=0)
2025-08-28 13:11:04,756 [INFO] user_0126: balanced (orig=328 sel=35)
2025-08-28 13:11:05,377 [INFO] user_0122: balanced (orig=440 sel=35)
2025-08-28 13:11:06,538 [INFO] user_0127: balanced (orig=348 sel=35)
2025-08-28 13:11:06,629 [INFO] user_0129: balanced (orig=348 sel=35)
2025-08-28 13:11:10,358 [INFO] user_0131: balanced (orig=329 sel=35)
2025-08-28 13:11:11,751 [INFO] user_0133: balanced (orig=351 sel=35)
2025-08-28 13:11:12,242 [INFO] user_0135: balanced (orig=354 sel=35)
2025-08-28 13:11:16,587 [INFO] user_0142: balanced (orig=424 sel=35)
2025-08-28 13:11:19,937 [INFO] user_0144: balanced (orig=429 sel=35)
2025-08-28 13:11:20,721 [INFO] user_0143: balanced (orig=479 sel=35)
2025-08-28 13:11:20,742 [INFO] user_0152: audit_failed (orig=1 sel=0)
2025-08-28 13:11:20,927 [INFO] user_0146: balanced (orig=424 sel=35)
2025-08-28 13:11:21,770 [INFO] user_0145: audit_failed (orig=435 sel=23)
2025-08-28 13:11:21,797 [INFO] user_0148: balanced (orig=334 sel=35)
2025-08-28 13:11:25,404 [INFO] user_0147: balanced (orig=415 sel=35)
2025-08-28 13:11:26,872 [INFO] user_0149: audit_failed (orig=419 sel=21)
2025-08-28 13:11:26,908 [INFO] user_0158: audit_failed (orig=2 sel=0)
2025-08-28 13:11:26,931 [INFO] user_0159: audit_failed (orig=1 sel=0)
2025-08-28 13:11:29,386 [INFO] user_0151: balanced (orig=342 sel=35)
2025-08-28 13:11:30,473 [INFO] user_0154: balanced (orig=317 sel=35)
2025-08-28 13:11:30,498 [INFO] user_0162: audit_failed (orig=1 sel=0)
2025-08-28 13:11:31,020 [INFO] user_0153: balanced (orig=348 sel=35)
2025-08-28 13:11:31,045 [INFO] user_0164: audit_failed (orig=1 sel=0)
2025-08-28 13:11:31,256 [INFO] user_0150: balanced (orig=439 sel=35)
2025-08-28 13:11:31,277 [INFO] user_0166: audit_failed (orig=1 sel=0)
2025-08-28 13:11:31,308 [INFO] user_0156: balanced (orig=306 sel=35)
2025-08-28 13:11:31,316 [INFO] user_0167: audit_failed (orig=2 sel=1)
2025-08-28 13:11:31,348 [INFO] user_0168: audit_failed (orig=2 sel=0)
2025-08-28 13:11:32,231 [INFO] user_0155: balanced (orig=337 sel=35)
2025-08-28 13:11:34,704 [INFO] user_0157: balanced (orig=358 sel=35)
2025-08-28 13:11:40,130 [INFO] user_0160: balanced (orig=444 sel=35)
2025-08-28 13:11:41,635 [INFO] user_0161: balanced (orig=429 sel=35)
2025-08-28 13:11:41,671 [INFO] user_0163: balanced (orig=404 sel=35)
2025-08-28 13:11:42,203 [INFO] user_0169: balanced (orig=382 sel=35)
2025-08-28 13:11:42,426 [INFO] user_0170: balanced (orig=436 sel=35)
2025-08-28 13:11:42,639 [INFO] user_0165: balanced (orig=426 sel=35)
2025-08-28 13:11:43,550 [INFO] user_0171: balanced (orig=434 sel=35)
2025-08-28 13:11:44,258 [INFO] TRAIN summary: speakers=171, balanced=130, excluded=41, exclusion_rate=23.98%
2025-08-28 13:11:44,294 [INFO] TEST speakers: 188
2025-08-28 13:20:11,945 [INFO] Wrote stats: D:\Oscowl ai\AISHELL3 Speaker Embedding Extractor day8\balancing_stats.json
2025-08-28 13:20:11,945 [INFO] Finished StrictBalancer
